1 : line comment 
2 : line comment 
3 : block comment 
4 : block comment 
5 : block comment 
6 : block comment 
7 : blank 
8 : code 
9 : code 
10 : code 
11 : code 
12 : blank 
13 : code 
14 : blank 
15 : blank 
16 : code 
17 : code 
18 : code 
19 : block comment 
20 : block comment 
21 : block comment 
22 : block comment 
23 : code 
24 : code 
25 : code 
26 : code 
27 : code 
28 : code 
29 : code 
30 : code 
31 : code 
32 : code 
33 : code 
34 : code 
35 : code 
36 : code 
37 : code 
38 : code 
39 : line comment 
40 : code 
41 : blank 
42 : blank 
43 : code 
44 : code 
45 : block comment 
46 : block comment 
47 : block comment 
48 : block comment 
49 : code 
50 : blank 
51 : code 
52 : block comment 
53 : block comment 
54 : block comment 
55 : block comment 
56 : block comment 
57 : block comment 
58 : block comment 
59 : code 
60 : line comment code 
61 : code 
62 : code 
63 : line comment code 
64 : code 
65 : line comment code 
66 : code 
67 : code 
68 : line comment code 
69 : code 
70 : code 
71 : code 
72 : code 
73 : code 
74 : code 
75 : code 
76 : code 
77 : code 
78 : code 
79 : code 
80 : block comment 
81 : block comment 
82 : block comment 
83 : block comment 
84 : code 
85 : line comment code 
86 : code 
87 : line comment 
88 : code 
89 : code 
90 : code 
91 : code 
92 : code 
93 : code 
94 : code 
95 : blank 
96 : code 
97 : code 
98 : code 
99 : code 
100 : code 
101 : code 
102 : line comment 
103 : code 
104 : code 
105 : code 
106 : code 
107 : code 
108 : code 
109 : code 
110 : code 
111 : code 
112 : code 
113 : code 
114 : code 
115 : code 
116 : blank 
117 : code 
118 : code 
119 : code 
120 : block comment 
121 : block comment 
122 : block comment 
123 : block comment 
124 : block comment 
125 : block comment 
126 : block comment 
127 : block comment 
128 : block comment 
129 : block comment 
130 : block comment 
131 : block comment 
132 : block comment 
133 : code 
134 : code 
135 : code 
136 : code 
137 : code 
138 : code 
139 : line comment code 
140 : code 
141 : code 
142 : code 
143 : code 
144 : line comment code 
145 : code 
146 : code 
147 : code 
148 : line comment code 
149 : blank 
150 : code 
151 : code 
152 : blank 
153 : code 
154 : code 
155 : code 
156 : code 
157 : code 
158 : code 
159 : code 
160 : code 
161 : code 
162 : line comment code 
163 : code 
164 : blank 
