1 : line comment 
2 : blank 
3 : line comment 
4 : blank 
5 : line comment 
6 : blank 
7 : code 
8 : blank 
9 : code 
10 : blank 
11 : code 
12 : code 
13 : code 
14 : code 
15 : blank 
16 : code 
17 : code 
18 : blank 
19 : code 
20 : code 
21 : blank 
22 : code 
23 : code 
24 : code 
25 : code 
26 : code 
27 : code 
28 : blank 
29 : line comment 
30 : blank 
31 : code 
32 : code 
33 : line comment 
34 : code 
35 : code 
36 : blank 
37 : line comment code 
38 : blank 
39 : code 
40 : code 
41 : code 
42 : code 
43 : code 
44 : code 
45 : code 
46 : code 
47 : code 
48 : code 
49 : code 
50 : code 
51 : code 
52 : blank 
53 : code 
54 : code 
55 : code 
56 : code 
57 : code 
58 : code 
59 : code 
60 : blank 
61 : code 
62 : code 
63 : code 
64 : code 
65 : code 
66 : code 
67 : code 
68 : code 
69 : code 
70 : code 
71 : code 
72 : code 
73 : code 
74 : line comment 
75 : code 
76 : code 
77 : blank 
78 : code 
79 : blank 
80 : code 
81 : code 
82 : code 
83 : code 
84 : code 
85 : code 
86 : code 
87 : code 
88 : code 
89 : code 
90 : code 
91 : code 
92 : blank 
93 : code 
94 : code 
95 : code 
96 : code 
97 : code 
98 : code 
99 : code 
100 : code 
101 : code 
102 : blank 
103 : code 
104 : code 
105 : code 
106 : blank 
107 : code 
108 : code 
109 : code 
110 : code 
111 : code 
112 : code 
113 : code 
114 : code 
115 : code 
116 : code 
117 : code 
118 : code 
119 : blank 
120 : line comment 
121 : blank 
122 : code 
123 : code 
124 : code 
125 : line comment 
126 : code 
127 : code 
128 : code 
129 : code 
130 : code 
131 : code 
132 : code 
133 : code 
134 : code 
135 : code 
136 : code 
137 : code 
138 : code 
139 : blank 
140 : code 
141 : code 
142 : blank 
143 : code 
144 : code 
145 : code 
146 : code 
147 : code 
148 : code 
149 : code 
150 : code 
151 : code 
152 : blank 
153 : code 
154 : code 
155 : code 
156 : code 
157 : code 
158 : code 
159 : code 
160 : code 
161 : code 
162 : code 
163 : code 
164 : code 
165 : code 
166 : code 
167 : code 
168 : code 
169 : code 
170 : code 
171 : code 
172 : code 
173 : code 
174 : blank 
175 : code 
176 : blank 
177 : code 
178 : blank 
179 : line comment 
180 : blank 
181 : code 
182 : code 
183 : code 
184 : line comment code 
185 : code 
186 : line comment code 
187 : code 
188 : line comment code 
189 : code 
190 : code 
191 : line comment code 
192 : code 
193 : code 
194 : line comment code 
195 : code 
196 : code 
197 : code 
198 : line comment code 
199 : code 
200 : code 
201 : code 
202 : line comment code 
203 : code 
204 : code 
205 : line comment code 
206 : code 
207 : code 
208 : code 
209 : line comment code 
210 : code 
211 : code 
212 : code 
213 : code 
214 : code 
215 : code 
216 : code 
217 : blank 
218 : line comment 
219 : blank 
220 : code 
221 : code 
222 : line comment code 
223 : line comment code 
224 : code 
225 : line comment code 
226 : code 
227 : code 
228 : code 
229 : line comment code 
230 : code 
231 : code 
232 : code 
233 : code 
234 : line comment code 
235 : code 
236 : code 
237 : code 
238 : code 
239 : code 
240 : line comment code 
241 : line comment code 
242 : code 
243 : code 
244 : line comment code 
245 : code 
246 : code 
247 : code 
248 : code 
249 : code 
250 : code 
251 : line comment code 
252 : line comment code 
253 : code 
254 : code 
255 : line comment code 
256 : code 
257 : line comment code 
258 : line comment code 
259 : code 
260 : code 
261 : code 
262 : code 
263 : code 
264 : line comment code 
265 : code 
266 : code 
267 : code 
268 : line comment code 
269 : line comment code 
270 : line comment code 
271 : blank 
272 : code 
273 : code 
274 : code 
275 : blank 
276 : code 
277 : blank 
278 : code 
279 : block comment 
280 : code 
281 : code 
282 : code 
283 : code 
284 : code 
285 : code 
286 : code 
287 : code 
288 : code 
289 : code 
290 : code 
291 : blank 
292 : code 
293 : code 
294 : code 
295 : code 
296 : code 
297 : code 
298 : code 
299 : code 
300 : code 
301 : blank 
302 : line comment code 
303 : blank 
304 : block comment code 
305 : block comment 
306 : block comment 
307 : block comment 
308 : block comment 
309 : block comment 
310 : block comment 
311 : block comment 
312 : block comment 
313 : block comment code 
314 : blank 
315 : code 
316 : code 
