1 : line comment 
2 : line comment 
3 : line comment 
4 : line comment 
5 : line comment 
6 : line comment 
7 : line comment 
8 : line comment 
9 : blank 
10 : code 
11 : code 
12 : blank 
13 : code 
14 : blank 
15 : code 
16 : code 
17 : blank 
18 : code 
19 : blank 
20 : line comment 
21 : line comment 
22 : code 
23 : blank 
24 : code 
25 : code 
26 : code 
27 : code 
28 : code 
29 : code 
30 : blank 
31 : line comment code 
32 : blank 
33 : code 
34 : code 
35 : code 
36 : code 
37 : code 
38 : code 
39 : code 
40 : line comment code 
41 : line comment code 
42 : line comment code 
43 : blank 
44 : code 
